// Jest Snapshot v1, https://goo.gl/fbAQLP

exports[`Header Component Should match Header component snapshot 1`] = `ShallowWrapper {}`;
