// Jest Snapshot v1, https://goo.gl/fbAQLP

exports[`StoreItems Component Should match snapshot 1`] = `ShallowWrapper {}`;

exports[`StoreItems Component Should match snapshot 2`] = `ShallowWrapper {}`;
